Analysis & Elaboration report for Proyecto2
Sun Jun 15 16:18:44 2025
Quartus Prime Version 22.1std.0 Build 915 10/25/2022 SC Lite Edition


---------------------
; Table of Contents ;
---------------------
  1. Legal Notice
  2. Analysis & Elaboration Summary
  3. Parallel Compilation
  4. Parameter Settings for User Entity Instance: Top-level Entity: |top_systolic_array
  5. Parameter Settings for User Entity Instance: SystolicController:controller
  6. Parameter Settings for User Entity Instance: SystolicArray4x4:array4x4
  7. Parameter Settings for User Entity Instance: SystolicArray4x4:array4x4|PE:ROW[0].COL[0].pe_inst
  8. Parameter Settings for User Entity Instance: SystolicArray4x4:array4x4|PE:ROW[0].COL[1].pe_inst
  9. Parameter Settings for User Entity Instance: SystolicArray4x4:array4x4|PE:ROW[0].COL[2].pe_inst
 10. Parameter Settings for User Entity Instance: SystolicArray4x4:array4x4|PE:ROW[0].COL[3].pe_inst
 11. Parameter Settings for User Entity Instance: SystolicArray4x4:array4x4|PE:ROW[1].COL[0].pe_inst
 12. Parameter Settings for User Entity Instance: SystolicArray4x4:array4x4|PE:ROW[1].COL[1].pe_inst
 13. Parameter Settings for User Entity Instance: SystolicArray4x4:array4x4|PE:ROW[1].COL[2].pe_inst
 14. Parameter Settings for User Entity Instance: SystolicArray4x4:array4x4|PE:ROW[1].COL[3].pe_inst
 15. Parameter Settings for User Entity Instance: SystolicArray4x4:array4x4|PE:ROW[2].COL[0].pe_inst
 16. Parameter Settings for User Entity Instance: SystolicArray4x4:array4x4|PE:ROW[2].COL[1].pe_inst
 17. Parameter Settings for User Entity Instance: SystolicArray4x4:array4x4|PE:ROW[2].COL[2].pe_inst
 18. Parameter Settings for User Entity Instance: SystolicArray4x4:array4x4|PE:ROW[2].COL[3].pe_inst
 19. Parameter Settings for User Entity Instance: SystolicArray4x4:array4x4|PE:ROW[3].COL[0].pe_inst
 20. Parameter Settings for User Entity Instance: SystolicArray4x4:array4x4|PE:ROW[3].COL[1].pe_inst
 21. Parameter Settings for User Entity Instance: SystolicArray4x4:array4x4|PE:ROW[3].COL[2].pe_inst
 22. Parameter Settings for User Entity Instance: SystolicArray4x4:array4x4|PE:ROW[3].COL[3].pe_inst
 23. Analysis & Elaboration Settings
 24. Port Connectivity Checks: "SystolicArray4x4:array4x4|PE:ROW[3].COL[3].pe_inst"
 25. Port Connectivity Checks: "SystolicArray4x4:array4x4|PE:ROW[3].COL[2].pe_inst"
 26. Port Connectivity Checks: "SystolicArray4x4:array4x4|PE:ROW[3].COL[1].pe_inst"
 27. Port Connectivity Checks: "SystolicArray4x4:array4x4|PE:ROW[3].COL[0].pe_inst"
 28. Port Connectivity Checks: "SystolicArray4x4:array4x4|PE:ROW[2].COL[3].pe_inst"
 29. Port Connectivity Checks: "SystolicArray4x4:array4x4|PE:ROW[2].COL[2].pe_inst"
 30. Port Connectivity Checks: "SystolicArray4x4:array4x4|PE:ROW[2].COL[1].pe_inst"
 31. Port Connectivity Checks: "SystolicArray4x4:array4x4|PE:ROW[2].COL[0].pe_inst"
 32. Port Connectivity Checks: "SystolicArray4x4:array4x4|PE:ROW[1].COL[3].pe_inst"
 33. Port Connectivity Checks: "SystolicArray4x4:array4x4|PE:ROW[1].COL[2].pe_inst"
 34. Port Connectivity Checks: "SystolicArray4x4:array4x4|PE:ROW[1].COL[1].pe_inst"
 35. Port Connectivity Checks: "SystolicArray4x4:array4x4|PE:ROW[1].COL[0].pe_inst"
 36. Port Connectivity Checks: "SystolicArray4x4:array4x4|PE:ROW[0].COL[3].pe_inst"
 37. Port Connectivity Checks: "SystolicArray4x4:array4x4|PE:ROW[0].COL[2].pe_inst"
 38. Port Connectivity Checks: "SystolicArray4x4:array4x4|PE:ROW[0].COL[1].pe_inst"
 39. Port Connectivity Checks: "SystolicArray4x4:array4x4|PE:ROW[0].COL[0].pe_inst"
 40. Analysis & Elaboration Messages
 41. Analysis & Elaboration Suppressed Messages



----------------
; Legal Notice ;
----------------
Copyright (C) 2022  Intel Corporation. All rights reserved.
Your use of Intel Corporation's design tools, logic functions 
and other software and tools, and any partner logic 
functions, and any output files from any of the foregoing 
(including device programming or simulation files), and any 
associated documentation or information are expressly subject 
to the terms and conditions of the Intel Program License 
Subscription Agreement, the Intel Quartus Prime License Agreement,
the Intel FPGA IP License Agreement, or other applicable license
agreement, including, without limitation, that your use is for
the sole purpose of programming logic devices manufactured by
Intel and sold by Intel or its authorized distributors.  Please
refer to the applicable agreement for further details, at
https://fpgasoftware.intel.com/eula.



+--------------------------------------------------------------------------------+
; Analysis & Elaboration Summary                                                 ;
+-------------------------------+------------------------------------------------+
; Analysis & Elaboration Status ; Successful - Sun Jun 15 16:18:44 2025          ;
; Quartus Prime Version         ; 22.1std.0 Build 915 10/25/2022 SC Lite Edition ;
; Revision Name                 ; Proyecto2                                      ;
; Top-level Entity Name         ; top_systolic_array                             ;
; Family                        ; Cyclone V                                      ;
; Logic utilization (in ALMs)   ; N/A until Partition Merge                      ;
; Total registers               ; N/A until Partition Merge                      ;
; Total pins                    ; N/A until Partition Merge                      ;
; Total virtual pins            ; N/A until Partition Merge                      ;
; Total block memory bits       ; N/A until Partition Merge                      ;
; Total PLLs                    ; N/A until Partition Merge                      ;
; Total DLLs                    ; N/A until Partition Merge                      ;
+-------------------------------+------------------------------------------------+


+------------------------------------------+
; Parallel Compilation                     ;
+----------------------------+-------------+
; Processors                 ; Number      ;
+----------------------------+-------------+
; Number detected on machine ; 8           ;
; Maximum allowed            ; 4           ;
;                            ;             ;
; Average used               ; 1.00        ;
; Maximum used               ; 1           ;
;                            ;             ;
; Usage by Processor         ; % Time Used ;
;     Processor 1            ; 100.0%      ;
+----------------------------+-------------+


+------------------------------------------------------------------------------------+
; Parameter Settings for User Entity Instance: Top-level Entity: |top_systolic_array ;
+----------------+-------+-----------------------------------------------------------+
; Parameter Name ; Value ; Type                                                      ;
+----------------+-------+-----------------------------------------------------------+
; W_A            ; 16    ; Signed Integer                                            ;
; W_P            ; 32    ; Signed Integer                                            ;
+----------------+-------+-----------------------------------------------------------+
Note: In order to hide this table in the UI and the text report file, please set the "Show Parameter Settings in Synthesis Report" option in "Analysis and Synthesis Settings -> More Settings" to "Off".


+----------------------------------------------------------------------------+
; Parameter Settings for User Entity Instance: SystolicController:controller ;
+----------------+-------+---------------------------------------------------+
; Parameter Name ; Value ; Type                                              ;
+----------------+-------+---------------------------------------------------+
; W_A            ; 16    ; Signed Integer                                    ;
; W_P            ; 32    ; Signed Integer                                    ;
+----------------+-------+---------------------------------------------------+
Note: In order to hide this table in the UI and the text report file, please set the "Show Parameter Settings in Synthesis Report" option in "Analysis and Synthesis Settings -> More Settings" to "Off".


+------------------------------------------------------------------------+
; Parameter Settings for User Entity Instance: SystolicArray4x4:array4x4 ;
+----------------+-------+-----------------------------------------------+
; Parameter Name ; Value ; Type                                          ;
+----------------+-------+-----------------------------------------------+
; W_A            ; 16    ; Signed Integer                                ;
; W_P            ; 32    ; Signed Integer                                ;
+----------------+-------+-----------------------------------------------+
Note: In order to hide this table in the UI and the text report file, please set the "Show Parameter Settings in Synthesis Report" option in "Analysis and Synthesis Settings -> More Settings" to "Off".


+-------------------------------------------------------------------------------------------------+
; Parameter Settings for User Entity Instance: SystolicArray4x4:array4x4|PE:ROW[0].COL[0].pe_inst ;
+----------------+-------+------------------------------------------------------------------------+
; Parameter Name ; Value ; Type                                                                   ;
+----------------+-------+------------------------------------------------------------------------+
; W_A            ; 16    ; Signed Integer                                                         ;
; W_P            ; 32    ; Signed Integer                                                         ;
+----------------+-------+------------------------------------------------------------------------+
Note: In order to hide this table in the UI and the text report file, please set the "Show Parameter Settings in Synthesis Report" option in "Analysis and Synthesis Settings -> More Settings" to "Off".


+-------------------------------------------------------------------------------------------------+
; Parameter Settings for User Entity Instance: SystolicArray4x4:array4x4|PE:ROW[0].COL[1].pe_inst ;
+----------------+-------+------------------------------------------------------------------------+
; Parameter Name ; Value ; Type                                                                   ;
+----------------+-------+------------------------------------------------------------------------+
; W_A            ; 16    ; Signed Integer                                                         ;
; W_P            ; 32    ; Signed Integer                                                         ;
+----------------+-------+------------------------------------------------------------------------+
Note: In order to hide this table in the UI and the text report file, please set the "Show Parameter Settings in Synthesis Report" option in "Analysis and Synthesis Settings -> More Settings" to "Off".


+-------------------------------------------------------------------------------------------------+
; Parameter Settings for User Entity Instance: SystolicArray4x4:array4x4|PE:ROW[0].COL[2].pe_inst ;
+----------------+-------+------------------------------------------------------------------------+
; Parameter Name ; Value ; Type                                                                   ;
+----------------+-------+------------------------------------------------------------------------+
; W_A            ; 16    ; Signed Integer                                                         ;
; W_P            ; 32    ; Signed Integer                                                         ;
+----------------+-------+------------------------------------------------------------------------+
Note: In order to hide this table in the UI and the text report file, please set the "Show Parameter Settings in Synthesis Report" option in "Analysis and Synthesis Settings -> More Settings" to "Off".


+-------------------------------------------------------------------------------------------------+
; Parameter Settings for User Entity Instance: SystolicArray4x4:array4x4|PE:ROW[0].COL[3].pe_inst ;
+----------------+-------+------------------------------------------------------------------------+
; Parameter Name ; Value ; Type                                                                   ;
+----------------+-------+------------------------------------------------------------------------+
; W_A            ; 16    ; Signed Integer                                                         ;
; W_P            ; 32    ; Signed Integer                                                         ;
+----------------+-------+------------------------------------------------------------------------+
Note: In order to hide this table in the UI and the text report file, please set the "Show Parameter Settings in Synthesis Report" option in "Analysis and Synthesis Settings -> More Settings" to "Off".


+-------------------------------------------------------------------------------------------------+
; Parameter Settings for User Entity Instance: SystolicArray4x4:array4x4|PE:ROW[1].COL[0].pe_inst ;
+----------------+-------+------------------------------------------------------------------------+
; Parameter Name ; Value ; Type                                                                   ;
+----------------+-------+------------------------------------------------------------------------+
; W_A            ; 16    ; Signed Integer                                                         ;
; W_P            ; 32    ; Signed Integer                                                         ;
+----------------+-------+------------------------------------------------------------------------+
Note: In order to hide this table in the UI and the text report file, please set the "Show Parameter Settings in Synthesis Report" option in "Analysis and Synthesis Settings -> More Settings" to "Off".


+-------------------------------------------------------------------------------------------------+
; Parameter Settings for User Entity Instance: SystolicArray4x4:array4x4|PE:ROW[1].COL[1].pe_inst ;
+----------------+-------+------------------------------------------------------------------------+
; Parameter Name ; Value ; Type                                                                   ;
+----------------+-------+------------------------------------------------------------------------+
; W_A            ; 16    ; Signed Integer                                                         ;
; W_P            ; 32    ; Signed Integer                                                         ;
+----------------+-------+------------------------------------------------------------------------+
Note: In order to hide this table in the UI and the text report file, please set the "Show Parameter Settings in Synthesis Report" option in "Analysis and Synthesis Settings -> More Settings" to "Off".


+-------------------------------------------------------------------------------------------------+
; Parameter Settings for User Entity Instance: SystolicArray4x4:array4x4|PE:ROW[1].COL[2].pe_inst ;
+----------------+-------+------------------------------------------------------------------------+
; Parameter Name ; Value ; Type                                                                   ;
+----------------+-------+------------------------------------------------------------------------+
; W_A            ; 16    ; Signed Integer                                                         ;
; W_P            ; 32    ; Signed Integer                                                         ;
+----------------+-------+------------------------------------------------------------------------+
Note: In order to hide this table in the UI and the text report file, please set the "Show Parameter Settings in Synthesis Report" option in "Analysis and Synthesis Settings -> More Settings" to "Off".


+-------------------------------------------------------------------------------------------------+
; Parameter Settings for User Entity Instance: SystolicArray4x4:array4x4|PE:ROW[1].COL[3].pe_inst ;
+----------------+-------+------------------------------------------------------------------------+
; Parameter Name ; Value ; Type                                                                   ;
+----------------+-------+------------------------------------------------------------------------+
; W_A            ; 16    ; Signed Integer                                                         ;
; W_P            ; 32    ; Signed Integer                                                         ;
+----------------+-------+------------------------------------------------------------------------+
Note: In order to hide this table in the UI and the text report file, please set the "Show Parameter Settings in Synthesis Report" option in "Analysis and Synthesis Settings -> More Settings" to "Off".


+-------------------------------------------------------------------------------------------------+
; Parameter Settings for User Entity Instance: SystolicArray4x4:array4x4|PE:ROW[2].COL[0].pe_inst ;
+----------------+-------+------------------------------------------------------------------------+
; Parameter Name ; Value ; Type                                                                   ;
+----------------+-------+------------------------------------------------------------------------+
; W_A            ; 16    ; Signed Integer                                                         ;
; W_P            ; 32    ; Signed Integer                                                         ;
+----------------+-------+------------------------------------------------------------------------+
Note: In order to hide this table in the UI and the text report file, please set the "Show Parameter Settings in Synthesis Report" option in "Analysis and Synthesis Settings -> More Settings" to "Off".


+-------------------------------------------------------------------------------------------------+
; Parameter Settings for User Entity Instance: SystolicArray4x4:array4x4|PE:ROW[2].COL[1].pe_inst ;
+----------------+-------+------------------------------------------------------------------------+
; Parameter Name ; Value ; Type                                                                   ;
+----------------+-------+------------------------------------------------------------------------+
; W_A            ; 16    ; Signed Integer                                                         ;
; W_P            ; 32    ; Signed Integer                                                         ;
+----------------+-------+------------------------------------------------------------------------+
Note: In order to hide this table in the UI and the text report file, please set the "Show Parameter Settings in Synthesis Report" option in "Analysis and Synthesis Settings -> More Settings" to "Off".


+-------------------------------------------------------------------------------------------------+
; Parameter Settings for User Entity Instance: SystolicArray4x4:array4x4|PE:ROW[2].COL[2].pe_inst ;
+----------------+-------+------------------------------------------------------------------------+
; Parameter Name ; Value ; Type                                                                   ;
+----------------+-------+------------------------------------------------------------------------+
; W_A            ; 16    ; Signed Integer                                                         ;
; W_P            ; 32    ; Signed Integer                                                         ;
+----------------+-------+------------------------------------------------------------------------+
Note: In order to hide this table in the UI and the text report file, please set the "Show Parameter Settings in Synthesis Report" option in "Analysis and Synthesis Settings -> More Settings" to "Off".


+-------------------------------------------------------------------------------------------------+
; Parameter Settings for User Entity Instance: SystolicArray4x4:array4x4|PE:ROW[2].COL[3].pe_inst ;
+----------------+-------+------------------------------------------------------------------------+
; Parameter Name ; Value ; Type                                                                   ;
+----------------+-------+------------------------------------------------------------------------+
; W_A            ; 16    ; Signed Integer                                                         ;
; W_P            ; 32    ; Signed Integer                                                         ;
+----------------+-------+------------------------------------------------------------------------+
Note: In order to hide this table in the UI and the text report file, please set the "Show Parameter Settings in Synthesis Report" option in "Analysis and Synthesis Settings -> More Settings" to "Off".


+-------------------------------------------------------------------------------------------------+
; Parameter Settings for User Entity Instance: SystolicArray4x4:array4x4|PE:ROW[3].COL[0].pe_inst ;
+----------------+-------+------------------------------------------------------------------------+
; Parameter Name ; Value ; Type                                                                   ;
+----------------+-------+------------------------------------------------------------------------+
; W_A            ; 16    ; Signed Integer                                                         ;
; W_P            ; 32    ; Signed Integer                                                         ;
+----------------+-------+------------------------------------------------------------------------+
Note: In order to hide this table in the UI and the text report file, please set the "Show Parameter Settings in Synthesis Report" option in "Analysis and Synthesis Settings -> More Settings" to "Off".


+-------------------------------------------------------------------------------------------------+
; Parameter Settings for User Entity Instance: SystolicArray4x4:array4x4|PE:ROW[3].COL[1].pe_inst ;
+----------------+-------+------------------------------------------------------------------------+
; Parameter Name ; Value ; Type                                                                   ;
+----------------+-------+------------------------------------------------------------------------+
; W_A            ; 16    ; Signed Integer                                                         ;
; W_P            ; 32    ; Signed Integer                                                         ;
+----------------+-------+------------------------------------------------------------------------+
Note: In order to hide this table in the UI and the text report file, please set the "Show Parameter Settings in Synthesis Report" option in "Analysis and Synthesis Settings -> More Settings" to "Off".


+-------------------------------------------------------------------------------------------------+
; Parameter Settings for User Entity Instance: SystolicArray4x4:array4x4|PE:ROW[3].COL[2].pe_inst ;
+----------------+-------+------------------------------------------------------------------------+
; Parameter Name ; Value ; Type                                                                   ;
+----------------+-------+------------------------------------------------------------------------+
; W_A            ; 16    ; Signed Integer                                                         ;
; W_P            ; 32    ; Signed Integer                                                         ;
+----------------+-------+------------------------------------------------------------------------+
Note: In order to hide this table in the UI and the text report file, please set the "Show Parameter Settings in Synthesis Report" option in "Analysis and Synthesis Settings -> More Settings" to "Off".


+-------------------------------------------------------------------------------------------------+
; Parameter Settings for User Entity Instance: SystolicArray4x4:array4x4|PE:ROW[3].COL[3].pe_inst ;
+----------------+-------+------------------------------------------------------------------------+
; Parameter Name ; Value ; Type                                                                   ;
+----------------+-------+------------------------------------------------------------------------+
; W_A            ; 16    ; Signed Integer                                                         ;
; W_P            ; 32    ; Signed Integer                                                         ;
+----------------+-------+------------------------------------------------------------------------+
Note: In order to hide this table in the UI and the text report file, please set the "Show Parameter Settings in Synthesis Report" option in "Analysis and Synthesis Settings -> More Settings" to "Off".


+---------------------------------------------------------------------------------------------------------------------------+
; Analysis & Elaboration Settings                                                                                           ;
+---------------------------------------------------------------------------------+--------------------+--------------------+
; Option                                                                          ; Setting            ; Default Value      ;
+---------------------------------------------------------------------------------+--------------------+--------------------+
; Device                                                                          ; 5CSEMA5F31C6       ;                    ;
; Top-level entity name                                                           ; top_systolic_array ; Proyecto2          ;
; Family name                                                                     ; Cyclone V          ; Cyclone V          ;
; Use smart compilation                                                           ; Off                ; Off                ;
; Enable parallel Assembler and Timing Analyzer during compilation                ; On                 ; On                 ;
; Enable compact report table                                                     ; Off                ; Off                ;
; Restructure Multiplexers                                                        ; Auto               ; Auto               ;
; MLAB Add Timing Constraints For Mixed-Port Feed-Through Mode Setting Don't Care ; Off                ; Off                ;
; Create Debugging Nodes for IP Cores                                             ; Off                ; Off                ;
; Preserve fewer node names                                                       ; On                 ; On                 ;
; Intel FPGA IP Evaluation Mode                                                   ; Enable             ; Enable             ;
; Verilog Version                                                                 ; Verilog_2001       ; Verilog_2001       ;
; VHDL Version                                                                    ; VHDL_1993          ; VHDL_1993          ;
; State Machine Processing                                                        ; Auto               ; Auto               ;
; Safe State Machine                                                              ; Off                ; Off                ;
; Extract Verilog State Machines                                                  ; On                 ; On                 ;
; Extract VHDL State Machines                                                     ; On                 ; On                 ;
; Ignore Verilog initial constructs                                               ; Off                ; Off                ;
; Iteration limit for constant Verilog loops                                      ; 5000               ; 5000               ;
; Iteration limit for non-constant Verilog loops                                  ; 250                ; 250                ;
; Add Pass-Through Logic to Inferred RAMs                                         ; On                 ; On                 ;
; Infer RAMs from Raw Logic                                                       ; On                 ; On                 ;
; Parallel Synthesis                                                              ; On                 ; On                 ;
; DSP Block Balancing                                                             ; Auto               ; Auto               ;
; NOT Gate Push-Back                                                              ; On                 ; On                 ;
; Power-Up Don't Care                                                             ; On                 ; On                 ;
; Remove Redundant Logic Cells                                                    ; Off                ; Off                ;
; Remove Duplicate Registers                                                      ; On                 ; On                 ;
; Ignore CARRY Buffers                                                            ; Off                ; Off                ;
; Ignore CASCADE Buffers                                                          ; Off                ; Off                ;
; Ignore GLOBAL Buffers                                                           ; Off                ; Off                ;
; Ignore ROW GLOBAL Buffers                                                       ; Off                ; Off                ;
; Ignore LCELL Buffers                                                            ; Off                ; Off                ;
; Ignore SOFT Buffers                                                             ; On                 ; On                 ;
; Limit AHDL Integers to 32 Bits                                                  ; Off                ; Off                ;
; Optimization Technique                                                          ; Balanced           ; Balanced           ;
; Carry Chain Length                                                              ; 70                 ; 70                 ;
; Auto Carry Chains                                                               ; On                 ; On                 ;
; Auto Open-Drain Pins                                                            ; On                 ; On                 ;
; Perform WYSIWYG Primitive Resynthesis                                           ; Off                ; Off                ;
; Auto ROM Replacement                                                            ; On                 ; On                 ;
; Auto RAM Replacement                                                            ; On                 ; On                 ;
; Auto DSP Block Replacement                                                      ; On                 ; On                 ;
; Auto Shift Register Replacement                                                 ; Auto               ; Auto               ;
; Allow Shift Register Merging across Hierarchies                                 ; Auto               ; Auto               ;
; Auto Clock Enable Replacement                                                   ; On                 ; On                 ;
; Strict RAM Replacement                                                          ; Off                ; Off                ;
; Allow Synchronous Control Signals                                               ; On                 ; On                 ;
; Force Use of Synchronous Clear Signals                                          ; Off                ; Off                ;
; Auto Resource Sharing                                                           ; Off                ; Off                ;
; Allow Any RAM Size For Recognition                                              ; Off                ; Off                ;
; Allow Any ROM Size For Recognition                                              ; Off                ; Off                ;
; Allow Any Shift Register Size For Recognition                                   ; Off                ; Off                ;
; Use LogicLock Constraints during Resource Balancing                             ; On                 ; On                 ;
; Ignore translate_off and synthesis_off directives                               ; Off                ; Off                ;
; Timing-Driven Synthesis                                                         ; On                 ; On                 ;
; Report Parameter Settings                                                       ; On                 ; On                 ;
; Report Source Assignments                                                       ; On                 ; On                 ;
; Report Connectivity Checks                                                      ; On                 ; On                 ;
; Ignore Maximum Fan-Out Assignments                                              ; Off                ; Off                ;
; Synchronization Register Chain Length                                           ; 3                  ; 3                  ;
; Power Optimization During Synthesis                                             ; Normal compilation ; Normal compilation ;
; HDL message level                                                               ; Level2             ; Level2             ;
; Suppress Register Optimization Related Messages                                 ; Off                ; Off                ;
; Number of Removed Registers Reported in Synthesis Report                        ; 5000               ; 5000               ;
; Number of Swept Nodes Reported in Synthesis Report                              ; 5000               ; 5000               ;
; Number of Inverted Registers Reported in Synthesis Report                       ; 100                ; 100                ;
; Clock MUX Protection                                                            ; On                 ; On                 ;
; Auto Gated Clock Conversion                                                     ; Off                ; Off                ;
; Block Design Naming                                                             ; Auto               ; Auto               ;
; SDC constraint protection                                                       ; Off                ; Off                ;
; Synthesis Effort                                                                ; Auto               ; Auto               ;
; Shift Register Replacement - Allow Asynchronous Clear Signal                    ; On                 ; On                 ;
; Pre-Mapping Resynthesis Optimization                                            ; Off                ; Off                ;
; Analysis & Synthesis Message Level                                              ; Medium             ; Medium             ;
; Disable Register Merging Across Hierarchies                                     ; Auto               ; Auto               ;
; Resource Aware Inference For Block RAM                                          ; On                 ; On                 ;
; Automatic Parallel Synthesis                                                    ; On                 ; On                 ;
; Partial Reconfiguration Bitstream ID                                            ; Off                ; Off                ;
+---------------------------------------------------------------------------------+--------------------+--------------------+


+-----------------------------------------------------------------------------------------------------------------------+
; Port Connectivity Checks: "SystolicArray4x4:array4x4|PE:ROW[3].COL[3].pe_inst"                                        ;
+-------------+--------+----------+-------------------------------------------------------------------------------------+
; Port        ; Type   ; Severity ; Details                                                                             ;
+-------------+--------+----------+-------------------------------------------------------------------------------------+
; load_a      ; Input  ; Info     ; Stuck at GND                                                                        ;
; load_b      ; Input  ; Info     ; Stuck at GND                                                                        ;
; shift_a_out ; Output ; Info     ; Connected to dangling logic. Logic that only feeds a dangling port will be removed. ;
; shift_b_out ; Output ; Info     ; Connected to dangling logic. Logic that only feeds a dangling port will be removed. ;
+-------------+--------+----------+-------------------------------------------------------------------------------------+


+-----------------------------------------------------------------------------------------------------------------------+
; Port Connectivity Checks: "SystolicArray4x4:array4x4|PE:ROW[3].COL[2].pe_inst"                                        ;
+-------------+--------+----------+-------------------------------------------------------------------------------------+
; Port        ; Type   ; Severity ; Details                                                                             ;
+-------------+--------+----------+-------------------------------------------------------------------------------------+
; load_a      ; Input  ; Info     ; Stuck at GND                                                                        ;
; load_b      ; Input  ; Info     ; Stuck at GND                                                                        ;
; shift_b_out ; Output ; Info     ; Connected to dangling logic. Logic that only feeds a dangling port will be removed. ;
+-------------+--------+----------+-------------------------------------------------------------------------------------+


+-----------------------------------------------------------------------------------------------------------------------+
; Port Connectivity Checks: "SystolicArray4x4:array4x4|PE:ROW[3].COL[1].pe_inst"                                        ;
+-------------+--------+----------+-------------------------------------------------------------------------------------+
; Port        ; Type   ; Severity ; Details                                                                             ;
+-------------+--------+----------+-------------------------------------------------------------------------------------+
; load_a      ; Input  ; Info     ; Stuck at GND                                                                        ;
; load_b      ; Input  ; Info     ; Stuck at GND                                                                        ;
; shift_b_out ; Output ; Info     ; Connected to dangling logic. Logic that only feeds a dangling port will be removed. ;
+-------------+--------+----------+-------------------------------------------------------------------------------------+


+-------------------------------------------------------------------------------------------------------------------------+
; Port Connectivity Checks: "SystolicArray4x4:array4x4|PE:ROW[3].COL[0].pe_inst"                                          ;
+---------------+--------+----------+-------------------------------------------------------------------------------------+
; Port          ; Type   ; Severity ; Details                                                                             ;
+---------------+--------+----------+-------------------------------------------------------------------------------------+
; load_a        ; Input  ; Info     ; Stuck at VCC                                                                        ;
; load_b        ; Input  ; Info     ; Stuck at GND                                                                        ;
; shift_a_in[0] ; Input  ; Info     ; Stuck at GND                                                                        ;
; shift_b_out   ; Output ; Info     ; Connected to dangling logic. Logic that only feeds a dangling port will be removed. ;
+---------------+--------+----------+-------------------------------------------------------------------------------------+


+-----------------------------------------------------------------------------------------------------------------------+
; Port Connectivity Checks: "SystolicArray4x4:array4x4|PE:ROW[2].COL[3].pe_inst"                                        ;
+-------------+--------+----------+-------------------------------------------------------------------------------------+
; Port        ; Type   ; Severity ; Details                                                                             ;
+-------------+--------+----------+-------------------------------------------------------------------------------------+
; load_a      ; Input  ; Info     ; Stuck at GND                                                                        ;
; load_b      ; Input  ; Info     ; Stuck at GND                                                                        ;
; shift_a_out ; Output ; Info     ; Connected to dangling logic. Logic that only feeds a dangling port will be removed. ;
+-------------+--------+----------+-------------------------------------------------------------------------------------+


+--------------------------------------------------------------------------------+
; Port Connectivity Checks: "SystolicArray4x4:array4x4|PE:ROW[2].COL[2].pe_inst" ;
+--------+-------+----------+----------------------------------------------------+
; Port   ; Type  ; Severity ; Details                                            ;
+--------+-------+----------+----------------------------------------------------+
; load_a ; Input ; Info     ; Stuck at GND                                       ;
; load_b ; Input ; Info     ; Stuck at GND                                       ;
+--------+-------+----------+----------------------------------------------------+


+--------------------------------------------------------------------------------+
; Port Connectivity Checks: "SystolicArray4x4:array4x4|PE:ROW[2].COL[1].pe_inst" ;
+--------+-------+----------+----------------------------------------------------+
; Port   ; Type  ; Severity ; Details                                            ;
+--------+-------+----------+----------------------------------------------------+
; load_a ; Input ; Info     ; Stuck at GND                                       ;
; load_b ; Input ; Info     ; Stuck at GND                                       ;
+--------+-------+----------+----------------------------------------------------+


+--------------------------------------------------------------------------------+
; Port Connectivity Checks: "SystolicArray4x4:array4x4|PE:ROW[2].COL[0].pe_inst" ;
+---------------+-------+----------+---------------------------------------------+
; Port          ; Type  ; Severity ; Details                                     ;
+---------------+-------+----------+---------------------------------------------+
; load_a        ; Input ; Info     ; Stuck at VCC                                ;
; load_b        ; Input ; Info     ; Stuck at GND                                ;
; shift_a_in[0] ; Input ; Info     ; Stuck at GND                                ;
+---------------+-------+----------+---------------------------------------------+


+-----------------------------------------------------------------------------------------------------------------------+
; Port Connectivity Checks: "SystolicArray4x4:array4x4|PE:ROW[1].COL[3].pe_inst"                                        ;
+-------------+--------+----------+-------------------------------------------------------------------------------------+
; Port        ; Type   ; Severity ; Details                                                                             ;
+-------------+--------+----------+-------------------------------------------------------------------------------------+
; load_a      ; Input  ; Info     ; Stuck at GND                                                                        ;
; load_b      ; Input  ; Info     ; Stuck at GND                                                                        ;
; shift_a_out ; Output ; Info     ; Connected to dangling logic. Logic that only feeds a dangling port will be removed. ;
+-------------+--------+----------+-------------------------------------------------------------------------------------+


+--------------------------------------------------------------------------------+
; Port Connectivity Checks: "SystolicArray4x4:array4x4|PE:ROW[1].COL[2].pe_inst" ;
+--------+-------+----------+----------------------------------------------------+
; Port   ; Type  ; Severity ; Details                                            ;
+--------+-------+----------+----------------------------------------------------+
; load_a ; Input ; Info     ; Stuck at GND                                       ;
; load_b ; Input ; Info     ; Stuck at GND                                       ;
+--------+-------+----------+----------------------------------------------------+


+--------------------------------------------------------------------------------+
; Port Connectivity Checks: "SystolicArray4x4:array4x4|PE:ROW[1].COL[1].pe_inst" ;
+--------+-------+----------+----------------------------------------------------+
; Port   ; Type  ; Severity ; Details                                            ;
+--------+-------+----------+----------------------------------------------------+
; load_a ; Input ; Info     ; Stuck at GND                                       ;
; load_b ; Input ; Info     ; Stuck at GND                                       ;
+--------+-------+----------+----------------------------------------------------+


+--------------------------------------------------------------------------------+
; Port Connectivity Checks: "SystolicArray4x4:array4x4|PE:ROW[1].COL[0].pe_inst" ;
+---------------+-------+----------+---------------------------------------------+
; Port          ; Type  ; Severity ; Details                                     ;
+---------------+-------+----------+---------------------------------------------+
; load_a        ; Input ; Info     ; Stuck at VCC                                ;
; load_b        ; Input ; Info     ; Stuck at GND                                ;
; shift_a_in[0] ; Input ; Info     ; Stuck at GND                                ;
+---------------+-------+----------+---------------------------------------------+


+-------------------------------------------------------------------------------------------------------------------------+
; Port Connectivity Checks: "SystolicArray4x4:array4x4|PE:ROW[0].COL[3].pe_inst"                                          ;
+---------------+--------+----------+-------------------------------------------------------------------------------------+
; Port          ; Type   ; Severity ; Details                                                                             ;
+---------------+--------+----------+-------------------------------------------------------------------------------------+
; load_a        ; Input  ; Info     ; Stuck at GND                                                                        ;
; load_b        ; Input  ; Info     ; Stuck at VCC                                                                        ;
; shift_b_in[0] ; Input  ; Info     ; Stuck at GND                                                                        ;
; shift_a_out   ; Output ; Info     ; Connected to dangling logic. Logic that only feeds a dangling port will be removed. ;
+---------------+--------+----------+-------------------------------------------------------------------------------------+


+--------------------------------------------------------------------------------+
; Port Connectivity Checks: "SystolicArray4x4:array4x4|PE:ROW[0].COL[2].pe_inst" ;
+---------------+-------+----------+---------------------------------------------+
; Port          ; Type  ; Severity ; Details                                     ;
+---------------+-------+----------+---------------------------------------------+
; load_a        ; Input ; Info     ; Stuck at GND                                ;
; load_b        ; Input ; Info     ; Stuck at VCC                                ;
; shift_b_in[0] ; Input ; Info     ; Stuck at GND                                ;
+---------------+-------+----------+---------------------------------------------+


+--------------------------------------------------------------------------------+
; Port Connectivity Checks: "SystolicArray4x4:array4x4|PE:ROW[0].COL[1].pe_inst" ;
+---------------+-------+----------+---------------------------------------------+
; Port          ; Type  ; Severity ; Details                                     ;
+---------------+-------+----------+---------------------------------------------+
; load_a        ; Input ; Info     ; Stuck at GND                                ;
; load_b        ; Input ; Info     ; Stuck at VCC                                ;
; shift_b_in[0] ; Input ; Info     ; Stuck at GND                                ;
+---------------+-------+----------+---------------------------------------------+


+--------------------------------------------------------------------------------+
; Port Connectivity Checks: "SystolicArray4x4:array4x4|PE:ROW[0].COL[0].pe_inst" ;
+---------------+-------+----------+---------------------------------------------+
; Port          ; Type  ; Severity ; Details                                     ;
+---------------+-------+----------+---------------------------------------------+
; load_a        ; Input ; Info     ; Stuck at VCC                                ;
; load_b        ; Input ; Info     ; Stuck at VCC                                ;
; shift_a_in[0] ; Input ; Info     ; Stuck at GND                                ;
; shift_b_in[0] ; Input ; Info     ; Stuck at GND                                ;
+---------------+-------+----------+---------------------------------------------+


+---------------------------------+
; Analysis & Elaboration Messages ;
+---------------------------------+
Info: *******************************************************************
Info: Running Quartus Prime Analysis & Elaboration
    Info: Version 22.1std.0 Build 915 10/25/2022 SC Lite Edition
    Info: Processing started: Sun Jun 15 16:18:19 2025
Info: Command: quartus_map --read_settings_files=on --write_settings_files=off Proyecto2 -c Proyecto2 --analysis_and_elaboration
Warning (18236): Number of processors has not been specified which may cause overloading on shared machines.  Set the global assignment NUM_PARALLEL_PROCESSORS in your QSF to an appropriate value for best performance.
Info (20030): Parallel compilation is enabled and will use 4 of the 4 processors detected
Info (12021): Found 1 design units, including 1 entities, in source file tb_systoliccontroller.sv
    Info (12023): Found entity 1: tb_SystolicController File: C:/Users/jorge/OneDrive/Documentos/GitHub/NPU_systolic_Sim/tb_SystolicController.sv Line: 3
Info (12021): Found 1 design units, including 1 entities, in source file pe.sv
    Info (12023): Found entity 1: PE File: C:/Users/jorge/OneDrive/Documentos/GitHub/NPU_systolic_Sim/PE.sv Line: 1
Info (12021): Found 1 design units, including 1 entities, in source file tb_pe.sv
    Info (12023): Found entity 1: tb_PE File: C:/Users/jorge/OneDrive/Documentos/GitHub/NPU_systolic_Sim/tb_PE.sv Line: 4
Info (12021): Found 1 design units, including 1 entities, in source file systolicarray4x4.sv
    Info (12023): Found entity 1: SystolicArray4x4 File: C:/Users/jorge/OneDrive/Documentos/GitHub/NPU_systolic_Sim/SystolicArray4x4.sv Line: 6
Info (12021): Found 1 design units, including 1 entities, in source file tb_systolicarray4x4.sv
    Info (12023): Found entity 1: tb_SystolicArray4x4 File: C:/Users/jorge/OneDrive/Documentos/GitHub/NPU_systolic_Sim/tb_SystolicArray4x4.sv Line: 3
Info (12021): Found 1 design units, including 1 entities, in source file systoliccontroller.sv
    Info (12023): Found entity 1: SystolicController File: C:/Users/jorge/OneDrive/Documentos/GitHub/NPU_systolic_Sim/SystolicController.sv Line: 4
Info (12021): Found 1 design units, including 1 entities, in source file top_systolic_array.sv
    Info (12023): Found entity 1: top_systolic_array File: C:/Users/jorge/OneDrive/Documentos/GitHub/NPU_systolic_Sim/top_systolic_array.sv Line: 4
Info (12021): Found 1 design units, including 1 entities, in source file tb_top_systolic_array.sv
    Info (12023): Found entity 1: tb_top_systolic_array File: C:/Users/jorge/OneDrive/Documentos/GitHub/NPU_systolic_Sim/tb_top_systolic_array.sv Line: 3
Info (12127): Elaborating entity "top_systolic_array" for the top level hierarchy
Info (10008): Verilog HDL or VHDL information: EDA Netlist Writer cannot regroup multidimensional array "result" into its bus
Info (10008): Verilog HDL or VHDL information: EDA Netlist Writer cannot regroup multidimensional array "result" into its bus
Info (12128): Elaborating entity "SystolicController" for hierarchy "SystolicController:controller" File: C:/Users/jorge/OneDrive/Documentos/GitHub/NPU_systolic_Sim/top_systolic_array.sv Line: 32
Warning (10230): Verilog HDL assignment warning at SystolicController.sv(61): truncated value with size 32 to match size of target (4) File: C:/Users/jorge/OneDrive/Documentos/GitHub/NPU_systolic_Sim/SystolicController.sv Line: 61
Warning (10230): Verilog HDL assignment warning at SystolicController.sv(88): truncated value with size 32 to match size of target (16) File: C:/Users/jorge/OneDrive/Documentos/GitHub/NPU_systolic_Sim/SystolicController.sv Line: 88
Warning (10230): Verilog HDL assignment warning at SystolicController.sv(89): truncated value with size 32 to match size of target (16) File: C:/Users/jorge/OneDrive/Documentos/GitHub/NPU_systolic_Sim/SystolicController.sv Line: 89
Info (10008): Verilog HDL or VHDL information: EDA Netlist Writer cannot regroup multidimensional array "result" into its bus
Info (10008): Verilog HDL or VHDL information: EDA Netlist Writer cannot regroup multidimensional array "A" into its bus
Info (10008): Verilog HDL or VHDL information: EDA Netlist Writer cannot regroup multidimensional array "B" into its bus
Info (10008): Verilog HDL or VHDL information: EDA Netlist Writer cannot regroup multidimensional array "result" into its bus
Info (12128): Elaborating entity "SystolicArray4x4" for hierarchy "SystolicArray4x4:array4x4" File: C:/Users/jorge/OneDrive/Documentos/GitHub/NPU_systolic_Sim/top_systolic_array.sv Line: 44
Info (10008): Verilog HDL or VHDL information: EDA Netlist Writer cannot regroup multidimensional array "result" into its bus
Info (10008): Verilog HDL or VHDL information: EDA Netlist Writer cannot regroup multidimensional array "shiftA" into its bus
Info (10008): Verilog HDL or VHDL information: EDA Netlist Writer cannot regroup multidimensional array "shiftB" into its bus
Info (10008): Verilog HDL or VHDL information: EDA Netlist Writer cannot regroup multidimensional array "psum" into its bus
Info (10008): Verilog HDL or VHDL information: EDA Netlist Writer cannot regroup multidimensional array "result" into its bus
Info (12128): Elaborating entity "PE" for hierarchy "SystolicArray4x4:array4x4|PE:ROW[0].COL[0].pe_inst" File: C:/Users/jorge/OneDrive/Documentos/GitHub/NPU_systolic_Sim/SystolicArray4x4.sv Line: 47
Info (144001): Generated suppressed messages file C:/Users/jorge/OneDrive/Documentos/GitHub/NPU_systolic_Sim/output_files/Proyecto2.map.smsg
Info: Quartus Prime Analysis & Elaboration was successful. 0 errors, 4 warnings
    Info: Peak virtual memory: 4807 megabytes
    Info: Processing ended: Sun Jun 15 16:18:44 2025
    Info: Elapsed time: 00:00:25
    Info: Total CPU time (on all processors): 00:00:40


+--------------------------------------------+
; Analysis & Elaboration Suppressed Messages ;
+--------------------------------------------+
The suppressed messages can be found in C:/Users/jorge/OneDrive/Documentos/GitHub/NPU_systolic_Sim/output_files/Proyecto2.map.smsg.


