------------------------------------------------------------
Timing Analyzer Summary
------------------------------------------------------------

Type  : Slow 1100mV 85C Model Setup 'sdram_controller|sys_sdram_pll_0|sys_pll|altera_pll_i|general[0].gpll~PLL_OUTPUT_COUNTER|divclk'
Slack : -6.481
TNS   : -310.695

Type  : Slow 1100mV 85C Model Setup 'clk_clk'
Slack : -5.937
TNS   : -17.333

Type  : Slow 1100mV 85C Model Hold 'sdram_controller|sys_sdram_pll_0|sys_pll|altera_pll_i|general[0].gpll~PLL_OUTPUT_COUNTER|divclk'
Slack : 0.147
TNS   : 0.000

Type  : Slow 1100mV 85C Model Hold 'clk_clk'
Slack : 0.205
TNS   : 0.000

Type  : Slow 1100mV 85C Model Recovery 'sdram_controller|sys_sdram_pll_0|sys_pll|altera_pll_i|general[0].gpll~PLL_OUTPUT_COUNTER|divclk'
Slack : 3.153
TNS   : 0.000

Type  : Slow 1100mV 85C Model Removal 'sdram_controller|sys_sdram_pll_0|sys_pll|altera_pll_i|general[0].gpll~PLL_OUTPUT_COUNTER|divclk'
Slack : 0.231
TNS   : 0.000

Type  : Slow 1100mV 85C Model Minimum Pulse Width 'sdram_controller|sys_sdram_pll_0|sys_pll|altera_pll_i|general[0].gpll~FRACTIONAL_PLL|vcoph[0]'
Slack : 0.699
TNS   : 0.000

Type  : Slow 1100mV 85C Model Minimum Pulse Width 'sdram_controller|sys_sdram_pll_0|sys_pll|altera_pll_i|general[0].gpll~PLL_OUTPUT_COUNTER|divclk'
Slack : 2.698
TNS   : 0.000

Type  : Slow 1100mV 85C Model Minimum Pulse Width 'clk_clk'
Slack : 9.391
TNS   : 0.000

Type  : Slow 1100mV 0C Model Setup 'sdram_controller|sys_sdram_pll_0|sys_pll|altera_pll_i|general[0].gpll~PLL_OUTPUT_COUNTER|divclk'
Slack : -6.146
TNS   : -291.158

Type  : Slow 1100mV 0C Model Setup 'clk_clk'
Slack : -5.857
TNS   : -17.107

Type  : Slow 1100mV 0C Model Hold 'sdram_controller|sys_sdram_pll_0|sys_pll|altera_pll_i|general[0].gpll~PLL_OUTPUT_COUNTER|divclk'
Slack : 0.091
TNS   : 0.000

Type  : Slow 1100mV 0C Model Hold 'clk_clk'
Slack : 0.173
TNS   : 0.000

Type  : Slow 1100mV 0C Model Recovery 'sdram_controller|sys_sdram_pll_0|sys_pll|altera_pll_i|general[0].gpll~PLL_OUTPUT_COUNTER|divclk'
Slack : 3.319
TNS   : 0.000

Type  : Slow 1100mV 0C Model Removal 'sdram_controller|sys_sdram_pll_0|sys_pll|altera_pll_i|general[0].gpll~PLL_OUTPUT_COUNTER|divclk'
Slack : 0.143
TNS   : 0.000

Type  : Slow 1100mV 0C Model Minimum Pulse Width 'sdram_controller|sys_sdram_pll_0|sys_pll|altera_pll_i|general[0].gpll~FRACTIONAL_PLL|vcoph[0]'
Slack : 0.699
TNS   : 0.000

Type  : Slow 1100mV 0C Model Minimum Pulse Width 'sdram_controller|sys_sdram_pll_0|sys_pll|altera_pll_i|general[0].gpll~PLL_OUTPUT_COUNTER|divclk'
Slack : 2.673
TNS   : 0.000

Type  : Slow 1100mV 0C Model Minimum Pulse Width 'clk_clk'
Slack : 9.313
TNS   : 0.000

Type  : Fast 1100mV 85C Model Setup 'sdram_controller|sys_sdram_pll_0|sys_pll|altera_pll_i|general[0].gpll~PLL_OUTPUT_COUNTER|divclk'
Slack : -4.732
TNS   : -227.793

Type  : Fast 1100mV 85C Model Setup 'clk_clk'
Slack : -3.383
TNS   : -9.835

Type  : Fast 1100mV 85C Model Hold 'sdram_controller|sys_sdram_pll_0|sys_pll|altera_pll_i|general[0].gpll~PLL_OUTPUT_COUNTER|divclk'
Slack : 0.079
TNS   : 0.000

Type  : Fast 1100mV 85C Model Hold 'clk_clk'
Slack : 0.127
TNS   : 0.000

Type  : Fast 1100mV 85C Model Recovery 'sdram_controller|sys_sdram_pll_0|sys_pll|altera_pll_i|general[0].gpll~PLL_OUTPUT_COUNTER|divclk'
Slack : 4.589
TNS   : 0.000

Type  : Fast 1100mV 85C Model Removal 'sdram_controller|sys_sdram_pll_0|sys_pll|altera_pll_i|general[0].gpll~PLL_OUTPUT_COUNTER|divclk'
Slack : 0.183
TNS   : 0.000

Type  : Fast 1100mV 85C Model Minimum Pulse Width 'sdram_controller|sys_sdram_pll_0|sys_pll|altera_pll_i|general[0].gpll~FRACTIONAL_PLL|vcoph[0]'
Slack : 0.699
TNS   : 0.000

Type  : Fast 1100mV 85C Model Minimum Pulse Width 'sdram_controller|sys_sdram_pll_0|sys_pll|altera_pll_i|general[0].gpll~PLL_OUTPUT_COUNTER|divclk'
Slack : 3.040
TNS   : 0.000

Type  : Fast 1100mV 85C Model Minimum Pulse Width 'clk_clk'
Slack : 9.405
TNS   : 0.000

Type  : Fast 1100mV 0C Model Setup 'sdram_controller|sys_sdram_pll_0|sys_pll|altera_pll_i|general[0].gpll~PLL_OUTPUT_COUNTER|divclk'
Slack : -3.964
TNS   : -190.608

Type  : Fast 1100mV 0C Model Setup 'clk_clk'
Slack : -3.263
TNS   : -9.511

Type  : Fast 1100mV 0C Model Hold 'sdram_controller|sys_sdram_pll_0|sys_pll|altera_pll_i|general[0].gpll~PLL_OUTPUT_COUNTER|divclk'
Slack : 0.044
TNS   : 0.000

Type  : Fast 1100mV 0C Model Hold 'clk_clk'
Slack : 0.114
TNS   : 0.000

Type  : Fast 1100mV 0C Model Recovery 'sdram_controller|sys_sdram_pll_0|sys_pll|altera_pll_i|general[0].gpll~PLL_OUTPUT_COUNTER|divclk'
Slack : 4.756
TNS   : 0.000

Type  : Fast 1100mV 0C Model Removal 'sdram_controller|sys_sdram_pll_0|sys_pll|altera_pll_i|general[0].gpll~PLL_OUTPUT_COUNTER|divclk'
Slack : 0.114
TNS   : 0.000

Type  : Fast 1100mV 0C Model Minimum Pulse Width 'sdram_controller|sys_sdram_pll_0|sys_pll|altera_pll_i|general[0].gpll~FRACTIONAL_PLL|vcoph[0]'
Slack : 0.699
TNS   : 0.000

Type  : Fast 1100mV 0C Model Minimum Pulse Width 'sdram_controller|sys_sdram_pll_0|sys_pll|altera_pll_i|general[0].gpll~PLL_OUTPUT_COUNTER|divclk'
Slack : 3.032
TNS   : 0.000

Type  : Fast 1100mV 0C Model Minimum Pulse Width 'clk_clk'
Slack : 9.407
TNS   : 0.000

------------------------------------------------------------
